---
title: "Device Hardware Report"
run_id: "20260715T095220Z"
generated_utc: "2026-07-15 09:53:41Z"
---

# Device Hardware Report

| Field | Value |
|---|---|
| Manufacturer | `Google` |
| Brand | `Google` |
| Model | `rk3326_sgo` |
| Device | `rk3326_sgo` |
| Board | `rk30sdk` |
| Hardware | `rk30board` |
| ABI | `armeabi-v7a` |
| ABI list | `armeabi-v7a,armeabi` |

## Kernel

```text
Linux localhost 4.19.232 #2624 SMP PREEMPT Thu Dec 4 14:24:11 CST 2025 armv8l
```

## CPU

```text
processor	: 0
model name	: ARMv8 Processor rev 2 (v8l)
BogoMIPS	: 48.00
Features	: half thumb fastmult vfp edsp neon vfpv3 tls vfpv4 idiva idivt lpae evtstrm aes pmull sha1 sha2 crc32
CPU implementer	: 0x41
CPU architecture: 8
CPU variant	: 0x0
CPU part	: 0xd04
CPU revision	: 2

processor	: 1
model name	: ARMv8 Processor rev 2 (v8l)
BogoMIPS	: 48.00
Features	: half thumb fastmult vfp edsp neon vfpv3 tls vfpv4 idiva idivt lpae evtstrm aes pmull sha1 sha2 crc32
CPU implementer	: 0x41
CPU architecture: 8
CPU variant	: 0x0
CPU part	: 0xd04
CPU revision	: 2

processor	: 2
model name	: ARMv8 Processor rev 2 (v8l)
BogoMIPS	: 48.00
Features	: half thumb fastmult vfp edsp neon vfpv3 tls vfpv4 idiva idivt lpae evtstrm aes pmull sha1 sha2 crc32
CPU implementer	: 0x41
CPU architecture: 8
CPU variant	: 0x0
CPU part	: 0xd04
CPU revision	: 2

processor	: 3
model name	: ARMv8 Processor rev 2 (v8l)
BogoMIPS	: 48.00
Features	: half thumb fastmult vfp edsp neon vfpv3 tls vfpv4 idiva idivt lpae evtstrm aes pmull sha1 sha2 crc32
CPU implementer	: 0x41
CPU architecture: 8
CPU variant	: 0x0
CPU part	: 0xd04
CPU revision	: 2

Hardware	: Rockchip rk3326 ai voice assistant evb v11 board
Serial=[REDACTED_ID]
```

## Memory

```text
MemTotal:        1979400 kB
MemFree:           42048 kB
MemAvailable:     647704 kB
Buffers:           15032 kB
Cached:           564720 kB
SwapCached:        34936 kB
Active:           284612 kB
Inactive:         331700 kB
Active(anon):     171972 kB
Inactive(anon):   184228 kB
Active(file):     112640 kB
Inactive(file):   147472 kB
Unevictable:        6344 kB
Mlocked:            2744 kB
SwapTotal:       1484536 kB
SwapFree:        1182968 kB
Dirty:               144 kB
Writeback:            20 kB
AnonPages:        330452 kB
Mapped:           196068 kB
Shmem:             27588 kB
KReclaimable:      58560 kB
Slab:             134108 kB
SReclaimable:      57604 kB
SUnreclaim:        76504 kB
KernelStack:       21056 kB
PageTables:        22792 kB
NFS_Unstable:          0 kB
Bounce:                0 kB
WritebackTmp:          0 kB
CommitLimit:     1237116 kB
Committed_AS:   15078520 kB
VmallocTotal:   263061440 kB
VmallocUsed:       33296 kB
VmallocChunk:          0 kB
Percpu:             3552 kB
CmaTotal:          16384 kB
CmaAllocated:       2328 kB
CmaReleased:       14056 kB
CmaFree:               0 kB
```
